// Jest Snapshot v1, https://goo.gl/fbAQLP

exports[`<Highlight /> should render the heading 1`] = `
.c6 {
  display: -webkit-inline-box;
  display: -webkit-inline-flex;
  display: -ms-inline-flexbox;
  display: inline-flex;
  -webkit-align-items: center;
  -webkit-box-align: center;
  -ms-flex-align: center;
  align-items: center;
  -webkit-box-pack: center;
  -webkit-justify-content: center;
  -ms-flex-pack: center;
  justify-content: center;
  background: linear-gradient(180deg,#ff5f5f 0%,#f062c0 50%);
  color: #FAFAFA;
  border: 0;
  cursor: pointer;
  font-family: Poppins,-apple-system,BlinkMacSystemFont,'Segoe UI',Roboto,Oxygen,Ubuntu,Cantarell,'Open Sans','Helvetica Neue',sans-serif;
  border-radius: 0.4rem;
  padding: 0.8rem;
  -webkit-text-decoration: none;
  text-decoration: none;
  height: 4rem;
  font-size: 1.4rem;
  padding: 0.8rem 3.2rem;
}

.c6:hover {
  background: linear-gradient(180deg,#e35565 0%,#d958a6 50%);
}

.c0 {
  position: relative;
  background-image: url(/img/red-dead-img.jpg);
  background-position: center center;
  background-size: cover;
  height: 23rem;
  display: grid;
  grid-template-areas: 'floatimage content';
  grid-template-columns: 1.3fr 2fr;
}

.c0::after {
  content: '';
  position: absolute;
  width: 100%;
  height: 100%;
  background-color: rgba(0,0,0,0.6);
}

.c0 .c2 {
  text-align: right;
}

.c1 {
  grid-area: floatimage;
  z-index: 10;
  max-height: 23rem;
  max-width: 100%;
  -webkit-align-self: end;
  -ms-flex-item-align: end;
  align-self: end;
}

.c3 {
  grid-area: content;
  z-index: 10;
  padding: 1.6rem;
}

.c4 {
  font-size: 1.8rem;
  font-weight: 600;
  color: #FAFAFA;
}

.c5 {
  font-size: 1.4rem;
  font-weight: 300;
  color: #FAFAFA;
  margin-bottom: 2.4rem;
}

@media (min-width:768px) {
  .c0 {
    height: 32rem;
  }
}

@media (min-width:768px) {
  .c1 {
    max-height: 32rem;
  }
}

@media (min-width:768px) {
  .c3 {
    -webkit-align-self: end;
    -ms-flex-item-align: end;
    align-self: end;
    padding: 4.0rem;
  }
}

@media (min-width:768px) {
  .c4 {
    font-size: 2.8rem;
  }
}

@media (min-width:768px) {
  .c5 {
    font-size: 1.8rem;
  }
}

<section
  class="c0"
>
  <img
    alt="Heading 1"
    class="c1"
    src="/img/red-dead-float.png"
  />
  <div
    class="c2 c3"
  >
    <h2
      class="c4"
    >
      Heading 1
    </h2>
    <h3
      class="c5"
    >
      Heading 2
    </h3>
    <a
      class="c6"
      href="/rdr2"
    >
      <span>
        Buy Now
      </span>
    </a>
  </div>
</section>
`;
